--- Testing New Selection ---
Model: google/gemma-2-2b-it
Status: 410
Error: {"error":"https://api-inference.huggingface.co is no longer supported. Please use https://router.huggingface.co instead."}
Model: Salesforce/blip-image-captioning-base
Status: 410
Error: {"error":"https://api-inference.huggingface.co is no longer supported. Please use https://router.huggingface.co instead."}
Model: hustvl/yolos-tiny
Status: 410
Error: {"error":"https://api-inference.huggingface.co is no longer supported. Please use https://router.huggingface.co instead."}
